C:/TouchGFXProjects/VS_games/Core/Src/main.c:846:6:StartDefaultTask	8	static
C:/TouchGFXProjects/VS_games/Core/Src/main.c:869:6:bullet_timer_task_function	8	static
C:/TouchGFXProjects/VS_games/Core/Src/main.c:892:6:invincibility_timer_task_function	8	static
C:/TouchGFXProjects/VS_games/Core/Src/main.c:914:6:MFRC_Ch_fun	24	static
C:/TouchGFXProjects/VS_games/Core/Src/main.c:164:6:check_resume_asteroids_task	0	static
C:/TouchGFXProjects/VS_games/Core/Src/main.c:167:6:check_suspend_asteroids_task	0	static
C:/TouchGFXProjects/VS_games/Core/Src/main.c:309:6:SystemClock_Config	136	static
C:/TouchGFXProjects/VS_games/Core/Src/main.c:178:5:main	104	static,ignoring_inline_asm
C:/TouchGFXProjects/VS_games/Core/Src/main.c:1021:6:HAL_TIM_PeriodElapsedCallback	0	static
C:/TouchGFXProjects/VS_games/Core/Src/main.c:1038:6:Error_Handler	0	static
