C:/TouchGFXProjects/VS_games/Core/Src/main.c:718:6:StartDefaultTask	8	static
C:/TouchGFXProjects/VS_games/Core/Src/main.c:741:6:bullet_timer_task_function	8	static
C:/TouchGFXProjects/VS_games/Core/Src/main.c:764:6:invincibility_timer_task_function	8	static
C:/TouchGFXProjects/VS_games/Core/Src/main.c:147:6:check_resume_asteroids_task	0	static
C:/TouchGFXProjects/VS_games/Core/Src/main.c:150:6:check_suspend_asteroids_task	0	static
C:/TouchGFXProjects/VS_games/Core/Src/main.c:287:6:SystemClock_Config	136	static
C:/TouchGFXProjects/VS_games/Core/Src/main.c:161:5:main	104	static,ignoring_inline_asm
C:/TouchGFXProjects/VS_games/Core/Src/main.c:859:6:HAL_TIM_PeriodElapsedCallback	0	static
C:/TouchGFXProjects/VS_games/Core/Src/main.c:876:6:Error_Handler	0	static
