C:/TouchGFXProjects/VS_games/Core/Src/main.c:691:6:StartDefaultTask	8	static
C:/TouchGFXProjects/VS_games/Core/Src/main.c:714:6:bullet_timer_task_function	8	static
C:/TouchGFXProjects/VS_games/Core/Src/main.c:129:6:check_resume_asteroids_task	0	static
C:/TouchGFXProjects/VS_games/Core/Src/main.c:132:6:check_suspend_asteroids_task	0	static
C:/TouchGFXProjects/VS_games/Core/Src/main.c:260:6:SystemClock_Config	136	static
C:/TouchGFXProjects/VS_games/Core/Src/main.c:143:5:main	104	static,ignoring_inline_asm
C:/TouchGFXProjects/VS_games/Core/Src/main.c:811:6:HAL_TIM_PeriodElapsedCallback	0	static
C:/TouchGFXProjects/VS_games/Core/Src/main.c:828:6:Error_Handler	0	static
