C:/TouchGFXProjects/VS_games/Core/Src/main.c:729:6:asteroidsTaskFunction	16	static
C:/TouchGFXProjects/VS_games/Core/Src/main.c:706:6:StartDefaultTask	8	static
C:/TouchGFXProjects/VS_games/Core/Src/main.c:129:6:check_resume_asteroids_task	8	static
C:/TouchGFXProjects/VS_games/Core/Src/main.c:138:6:check_suspend_asteroids_task	8	static
C:/TouchGFXProjects/VS_games/Core/Src/main.c:275:6:SystemClock_Config	136	static
C:/TouchGFXProjects/VS_games/Core/Src/main.c:156:5:main	104	static,ignoring_inline_asm
C:/TouchGFXProjects/VS_games/Core/Src/main.c:826:6:HAL_TIM_PeriodElapsedCallback	0	static
C:/TouchGFXProjects/VS_games/Core/Src/main.c:843:6:Error_Handler	0	static
