C:/Users/nejcv/Desktop/Nejc/Fakulteta/VS_SRC/VS_games/Core/Src/main.c:844:6:StartDefaultTask	8	static
C:/Users/nejcv/Desktop/Nejc/Fakulteta/VS_SRC/VS_games/Core/Src/main.c:867:6:bullet_timer_task_function	8	static
C:/Users/nejcv/Desktop/Nejc/Fakulteta/VS_SRC/VS_games/Core/Src/main.c:890:6:invincibility_timer_task_function	8	static
C:/Users/nejcv/Desktop/Nejc/Fakulteta/VS_SRC/VS_games/Core/Src/main.c:912:6:MFRC_Ch_fun	24	static
C:/Users/nejcv/Desktop/Nejc/Fakulteta/VS_SRC/VS_games/Core/Src/main.c:162:6:check_resume_asteroids_task	0	static
C:/Users/nejcv/Desktop/Nejc/Fakulteta/VS_SRC/VS_games/Core/Src/main.c:165:6:check_suspend_asteroids_task	0	static
C:/Users/nejcv/Desktop/Nejc/Fakulteta/VS_SRC/VS_games/Core/Src/main.c:307:6:SystemClock_Config	136	static
C:/Users/nejcv/Desktop/Nejc/Fakulteta/VS_SRC/VS_games/Core/Src/main.c:176:5:main	104	static,ignoring_inline_asm
C:/Users/nejcv/Desktop/Nejc/Fakulteta/VS_SRC/VS_games/Core/Src/main.c:1014:6:HAL_TIM_PeriodElapsedCallback	0	static
C:/Users/nejcv/Desktop/Nejc/Fakulteta/VS_SRC/VS_games/Core/Src/main.c:1031:6:Error_Handler	0	static
