C:/TouchGFXProjects/VS_games/Core/Src/main.c:691:6:StartDefaultTask	1
C:/TouchGFXProjects/VS_games/Core/Src/main.c:714:6:bullet_timer_task_function	2
C:/TouchGFXProjects/VS_games/Core/Src/main.c:129:6:check_resume_asteroids_task	1
C:/TouchGFXProjects/VS_games/Core/Src/main.c:132:6:check_suspend_asteroids_task	1
C:/TouchGFXProjects/VS_games/Core/Src/main.c:260:6:SystemClock_Config	2
C:/TouchGFXProjects/VS_games/Core/Src/main.c:143:5:main	5
C:/TouchGFXProjects/VS_games/Core/Src/main.c:811:6:HAL_TIM_PeriodElapsedCallback	2
C:/TouchGFXProjects/VS_games/Core/Src/main.c:828:6:Error_Handler	1
