C:/Users/nejcv/Desktop/Nejc/Fakulteta/VS_SRC/VS_games/Core/Src/main.c:867:6:StartDefaultTask	8	static
C:/Users/nejcv/Desktop/Nejc/Fakulteta/VS_SRC/VS_games/Core/Src/main.c:890:6:bullet_timer_task_function	8	static
C:/Users/nejcv/Desktop/Nejc/Fakulteta/VS_SRC/VS_games/Core/Src/main.c:913:6:invincibility_timer_task_function	8	static
C:/Users/nejcv/Desktop/Nejc/Fakulteta/VS_SRC/VS_games/Core/Src/main.c:935:6:MFRC_Ch_fun	24	static
C:/Users/nejcv/Desktop/Nejc/Fakulteta/VS_SRC/VS_games/Core/Src/main.c:169:6:check_resume_asteroids_task	0	static
C:/Users/nejcv/Desktop/Nejc/Fakulteta/VS_SRC/VS_games/Core/Src/main.c:172:6:check_suspend_asteroids_task	0	static
C:/Users/nejcv/Desktop/Nejc/Fakulteta/VS_SRC/VS_games/Core/Src/main.c:175:10:convert_array_to_int	0	static
C:/Users/nejcv/Desktop/Nejc/Fakulteta/VS_SRC/VS_games/Core/Src/main.c:330:6:SystemClock_Config	136	static
C:/Users/nejcv/Desktop/Nejc/Fakulteta/VS_SRC/VS_games/Core/Src/main.c:195:5:main	112	static,ignoring_inline_asm
C:/Users/nejcv/Desktop/Nejc/Fakulteta/VS_SRC/VS_games/Core/Src/main.c:1041:6:HAL_TIM_PeriodElapsedCallback	0	static
C:/Users/nejcv/Desktop/Nejc/Fakulteta/VS_SRC/VS_games/Core/Src/main.c:1058:6:Error_Handler	0	static
