../../Middlewares/ST/touchgfx/framework/include/touchgfx/Drawable.hpp:315:18:virtual void touchgfx::Drawable::setX(int16_t)	0	static
../../Middlewares/ST/touchgfx/framework/include/touchgfx/Drawable.hpp:327:18:virtual void touchgfx::Drawable::setY(int16_t)	0	static
../../Middlewares/ST/touchgfx/framework/include/touchgfx/Screen.hpp:144:18:virtual void touchgfx::Screen::handleTickEvent()	0	static
../../Middlewares/ST/touchgfx/framework/include/touchgfx/Screen.hpp:154:18:virtual void touchgfx::Screen::handleKeyEvent(uint8_t)	0	static
../../TouchGFX/generated/gui_generated/include/gui_generated/screen_asteroids_screen/screen_asteroidsViewBase.hpp:43:18:virtual void screen_asteroidsViewBase::btn_shoot_pressed()	0	static
../../TouchGFX/generated/gui_generated/include/gui_generated/screen_asteroids_screen/screen_asteroidsViewBase.hpp:47:18:virtual void screen_asteroidsViewBase::btn_up_pressed()	0	static
../../TouchGFX/generated/gui_generated/include/gui_generated/screen_asteroids_screen/screen_asteroidsViewBase.hpp:51:18:virtual void screen_asteroidsViewBase::btn_down_pressed()	0	static
../../TouchGFX/generated/gui_generated/include/gui_generated/screen_asteroids_screen/screen_asteroidsViewBase.hpp:55:18:virtual void screen_asteroidsViewBase::btn_right_pressed()	0	static
../../TouchGFX/generated/gui_generated/include/gui_generated/screen_asteroids_screen/screen_asteroidsViewBase.hpp:59:18:virtual void screen_asteroidsViewBase::btn_left_pressed()	0	static
C:/TouchGFXProjects/VS_games/TouchGFX/gui/src/screen_asteroids_screen/screen_asteroidsView.cpp:30:6:virtual void screen_asteroidsView::tearDownScreen()	0	static
C:/TouchGFXProjects/VS_games/TouchGFX/gui/src/screen_asteroids_screen/screen_asteroidsView.cpp:35:6:virtual void screen_asteroidsView::resume_asteroids_task()	0	static
C:/TouchGFXProjects/VS_games/TouchGFX/gui/src/screen_asteroids_screen/screen_asteroidsView.cpp:40:6:virtual void screen_asteroidsView::suspend_asteroids_task()	0	static
C:/TouchGFXProjects/VS_games/TouchGFX/gui/src/screen_asteroids_screen/screen_asteroidsView.cpp:45:6:virtual void screen_asteroidsView::start_asteroids_game()	0	static
C:/TouchGFXProjects/VS_games/TouchGFX/gui/src/screen_asteroids_screen/screen_asteroidsView.cpp:94:6:virtual void screen_asteroidsView::getShipPosition(int*, int*)	4	static
C:/TouchGFXProjects/VS_games/TouchGFX/gui/src/screen_asteroids_screen/screen_asteroidsView.cpp:100:11:virtual touchgfx::Drawable* screen_asteroidsView::get_ship_pointer()	0	static
C:/TouchGFXProjects/VS_games/TouchGFX/gui/src/screen_asteroids_screen/screen_asteroidsView.cpp:123:6:virtual void screen_asteroidsView::move_ship(int, int)	0	static
C:/TouchGFXProjects/VS_games/TouchGFX/gui/src/screen_asteroids_screen/screen_asteroidsView.cpp:137:6:virtual void screen_asteroidsView::move_bullet(touchgfx::Box, int, int)	0	static
C:/TouchGFXProjects/VS_games/TouchGFX/gui/src/screen_asteroids_screen/screen_asteroidsView.cpp:78:6:virtual void screen_asteroidsView::update_score(unsigned int)	8	static
../../TouchGFX/gui/include/gui/screen_asteroids_screen/screen_asteroidsView.hpp:24:13:screen_asteroidsView::~screen_asteroidsView()	16	static
C:/TouchGFXProjects/VS_games/TouchGFX/gui/src/screen_asteroids_screen/screen_asteroidsView.cpp:105:15:virtual ShipDirection screen_asteroidsView::get_ship_direction()	0	static
C:/TouchGFXProjects/VS_games/TouchGFX/gui/src/screen_asteroids_screen/screen_asteroidsView.cpp:130:6:virtual void screen_asteroidsView::move_rock(touchgfx::ScalableImage*, int, int)	16	static
C:/TouchGFXProjects/VS_games/TouchGFX/gui/src/screen_asteroids_screen/screen_asteroidsView.cpp:50:6:virtual void screen_asteroidsView::update_hearts(char)	8	static
../../TouchGFX/gui/include/gui/screen_asteroids_screen/screen_asteroidsView.hpp:24:13:virtual screen_asteroidsView::~screen_asteroidsView()	16	static
C:/TouchGFXProjects/VS_games/TouchGFX/gui/src/screen_asteroids_screen/screen_asteroidsView.cpp:84:6:virtual void screen_asteroidsView::new_rock_position(touchgfx::ScalableImage*)	24	static
C:/TouchGFXProjects/VS_games/TouchGFX/gui/src/screen_asteroids_screen/screen_asteroidsView.cpp:3:1:screen_asteroidsView::screen_asteroidsView()	32	static
C:/TouchGFXProjects/VS_games/TouchGFX/gui/src/screen_asteroids_screen/screen_asteroidsView.cpp:144:6:void screen_asteroidsView::move_rock_offscreen(touchgfx::ScalableImage*)	16	static
C:/TouchGFXProjects/VS_games/TouchGFX/gui/src/screen_asteroids_screen/screen_asteroidsView.cpp:8:6:virtual void screen_asteroidsView::setupScreen()	56	static
