../../Middlewares/ST/touchgfx/framework/include/touchgfx/Drawable.hpp:315:18:virtual void touchgfx::Drawable::setX(int16_t)	0	static
../../Middlewares/ST/touchgfx/framework/include/touchgfx/Drawable.hpp:327:18:virtual void touchgfx::Drawable::setY(int16_t)	0	static
../../TouchGFX/gui/include/gui/model/ModelListener.hpp:31:18:virtual void ModelListener::update_scoreboard()	0	static
../../TouchGFX/gui/include/gui/screen_asteroids_screen/screen_asteroidsPresenter.hpp:45:13:screen_asteroidsPresenter::~screen_asteroidsPresenter()	0	static
C:/TouchGFXProjects/VS_games/TouchGFX/gui/src/screen_asteroids_screen/screen_asteroidsPresenter.cpp:10:6:virtual void screen_asteroidsPresenter::activate()	0	static
C:/TouchGFXProjects/VS_games/TouchGFX/gui/src/screen_asteroids_screen/screen_asteroidsPresenter.cpp:30:6:virtual bool screen_asteroidsPresenter::is_asteroids_game_started()	0	static
C:/TouchGFXProjects/VS_games/TouchGFX/gui/src/screen_asteroids_screen/screen_asteroidsPresenter.cpp:35:6:virtual void screen_asteroidsPresenter::start_asteroids_game()	0	static
C:/TouchGFXProjects/VS_games/TouchGFX/gui/src/screen_asteroids_screen/screen_asteroidsPresenter.cpp:40:5:virtual int screen_asteroidsPresenter::new_score_position(unsigned int)	0	static
C:/TouchGFXProjects/VS_games/TouchGFX/gui/src/screen_asteroids_screen/screen_asteroidsPresenter.cpp:124:6:virtual void screen_asteroidsPresenter::move_ship()	32	static
C:/TouchGFXProjects/VS_games/TouchGFX/gui/src/screen_asteroids_screen/screen_asteroidsPresenter.cpp:163:6:virtual void screen_asteroidsPresenter::move_rocks()	48	static
C:/TouchGFXProjects/VS_games/TouchGFX/gui/src/screen_asteroids_screen/screen_asteroidsPresenter.cpp:192:11:virtual touchgfx::Drawable* screen_asteroidsPresenter::get_next_invisible_bullet()	0	static
C:/TouchGFXProjects/VS_games/TouchGFX/gui/src/screen_asteroids_screen/screen_asteroidsPresenter.cpp:202:6:virtual void screen_asteroidsPresenter::move_bullets()	40	static
C:/TouchGFXProjects/VS_games/TouchGFX/gui/src/screen_asteroids_screen/screen_asteroidsPresenter.cpp:221:6:virtual bool screen_asteroidsPresenter::is_allowed_to_shoot()	0	static
C:/TouchGFXProjects/VS_games/TouchGFX/gui/src/screen_asteroids_screen/screen_asteroidsPresenter.cpp:226:6:virtual void screen_asteroidsPresenter::set_allowed_to_shoot(bool)	0	static
C:/TouchGFXProjects/VS_games/TouchGFX/gui/src/screen_asteroids_screen/screen_asteroidsPresenter.cpp:256:6:virtual void screen_asteroidsPresenter::hide_rocks()	16	static
C:/TouchGFXProjects/VS_games/TouchGFX/gui/src/screen_asteroids_screen/screen_asteroidsPresenter.cpp:264:6:virtual void screen_asteroidsPresenter::hide_bullets()	16	static
C:/TouchGFXProjects/VS_games/TouchGFX/gui/src/screen_asteroids_screen/screen_asteroidsPresenter.cpp:271:6:virtual void screen_asteroidsPresenter::set_invincible(bool)	0	static
C:/TouchGFXProjects/VS_games/TouchGFX/gui/src/screen_asteroids_screen/screen_asteroidsPresenter.cpp:278:6:virtual bool screen_asteroidsPresenter::is_invincible()	0	static
../../TouchGFX/gui/include/gui/screen_asteroids_screen/screen_asteroidsPresenter.hpp:45:13:virtual screen_asteroidsPresenter::~screen_asteroidsPresenter()	8	static
../../TouchGFX/gui/include/gui/screen_asteroids_screen/screen_asteroidsPresenter.hpp:45:13:virtual void* screen_asteroidsPresenter::_ZThn4_N25screen_asteroidsPresenterD1Ev()	0	static
../../TouchGFX/gui/include/gui/screen_asteroids_screen/screen_asteroidsPresenter.hpp:63:18:virtual void screen_asteroidsPresenter::_ZThn4_N25screen_asteroidsPresenter20set_allowed_to_shootEb(bool)	0	static
../../TouchGFX/gui/include/gui/screen_asteroids_screen/screen_asteroidsPresenter.hpp:53:18:virtual bool screen_asteroidsPresenter::_ZThn4_N25screen_asteroidsPresenter25is_asteroids_game_startedEv()	0	static
C:/TouchGFXProjects/VS_games/TouchGFX/gui/src/screen_asteroids_screen/screen_asteroidsPresenter.cpp:318:6:virtual void screen_asteroidsPresenter::check_bullet_collisions()	40	static
../../TouchGFX/gui/include/gui/screen_asteroids_screen/screen_asteroidsPresenter.hpp:45:13:virtual void* screen_asteroidsPresenter::_ZThn4_N25screen_asteroidsPresenterD0Ev()	16	static
C:/TouchGFXProjects/VS_games/TouchGFX/gui/src/screen_asteroids_screen/screen_asteroidsPresenter.cpp:339:6:virtual bool screen_asteroidsPresenter::elements_collide(touchgfx::Drawable*, touchgfx::Drawable*)	0	static
C:/TouchGFXProjects/VS_games/TouchGFX/gui/src/screen_asteroids_screen/screen_asteroidsPresenter.cpp:49:6:virtual void screen_asteroidsPresenter::game_over()	48	static
../../TouchGFX/gui/include/gui/screen_asteroids_screen/screen_asteroidsPresenter.hpp:66:18:virtual void screen_asteroidsPresenter::_ZThn4_N25screen_asteroidsPresenter14set_invincibleEb(bool)	0	static
C:/TouchGFXProjects/VS_games/TouchGFX/gui/src/screen_asteroids_screen/screen_asteroidsPresenter.cpp:231:6:virtual void screen_asteroidsPresenter::shoot_bullet()	16	static
C:/TouchGFXProjects/VS_games/TouchGFX/gui/src/screen_asteroids_screen/screen_asteroidsPresenter.cpp:283:6:virtual void screen_asteroidsPresenter::check_ship_collisions()	32	static
C:/TouchGFXProjects/VS_games/TouchGFX/gui/src/screen_asteroids_screen/screen_asteroidsPresenter.cpp:74:6:virtual void screen_asteroidsPresenter::init_game()	32	static
C:/TouchGFXProjects/VS_games/TouchGFX/gui/src/screen_asteroids_screen/screen_asteroidsPresenter.cpp:4:1:screen_asteroidsPresenter::screen_asteroidsPresenter(screen_asteroidsView&)	4	static
C:/TouchGFXProjects/VS_games/TouchGFX/gui/src/screen_asteroids_screen/screen_asteroidsPresenter.cpp:186:11:touchgfx::Drawable* get_next_invisible_bullet()	0	static
