../../TouchGFX/gui/include/gui/model/ModelListener.hpp:18:18:virtual void ModelListener::move_ship()	0	static
../../TouchGFX/gui/include/gui/model/ModelListener.hpp:19:18:virtual void ModelListener::move_bullets()	0	static
../../TouchGFX/gui/include/gui/model/ModelListener.hpp:20:18:virtual void ModelListener::move_rocks()	0	static
../../TouchGFX/gui/include/gui/model/ModelListener.hpp:22:18:virtual bool ModelListener::is_asteroids_game_started()	0	static
../../TouchGFX/gui/include/gui/model/ModelListener.hpp:24:18:virtual void ModelListener::check_ship_collisions()	0	static
../../TouchGFX/gui/include/gui/model/ModelListener.hpp:25:18:virtual void ModelListener::check_bullet_collisions()	0	static
../../TouchGFX/gui/include/gui/model/ModelListener.hpp:27:18:virtual void ModelListener::set_allowed_to_shoot(bool)	0	static
../../TouchGFX/gui/include/gui/model/ModelListener.hpp:29:18:virtual void ModelListener::set_invincible(bool)	0	static
../../TouchGFX/gui/include/gui/model/ModelListener.hpp:31:18:virtual void ModelListener::update_scoreboard()	0	static
../../TouchGFX/gui/include/gui/screen_locked_screen/screen_lockedPresenter.hpp:28:13:screen_lockedPresenter::~screen_lockedPresenter()	0	static
C:/Users/nejcv/Desktop/Nejc/Fakulteta/VS_SRC/VS_games/TouchGFX/gui/src/screen_locked_screen/screen_lockedPresenter.cpp:10:6:virtual void screen_lockedPresenter::activate()	0	static
C:/Users/nejcv/Desktop/Nejc/Fakulteta/VS_SRC/VS_games/TouchGFX/gui/src/screen_locked_screen/screen_lockedPresenter.cpp:20:6:virtual void screen_lockedPresenter::authTransition()	0	static
../../TouchGFX/gui/include/gui/screen_locked_screen/screen_lockedPresenter.hpp:28:13:virtual screen_lockedPresenter::~screen_lockedPresenter()	8	static
../../TouchGFX/gui/include/gui/screen_locked_screen/screen_lockedPresenter.hpp:28:13:virtual void* screen_lockedPresenter::_ZThn4_N22screen_lockedPresenterD1Ev()	0	static
../../TouchGFX/gui/include/gui/screen_locked_screen/screen_lockedPresenter.hpp:28:13:virtual void* screen_lockedPresenter::_ZThn4_N22screen_lockedPresenterD0Ev()	16	static
../../TouchGFX/gui/include/gui/screen_locked_screen/screen_lockedPresenter.hpp:30:18:virtual void screen_lockedPresenter::_ZThn4_N22screen_lockedPresenter14authTransitionEv()	0	static
C:/Users/nejcv/Desktop/Nejc/Fakulteta/VS_SRC/VS_games/TouchGFX/gui/src/screen_locked_screen/screen_lockedPresenter.cpp:4:1:screen_lockedPresenter::screen_lockedPresenter(screen_lockedView&)	4	static
