../../Middlewares/ST/touchgfx/framework/include/touchgfx/Screen.hpp:104:18:virtual void touchgfx::Screen::afterTransition()	0	static
../../Middlewares/ST/touchgfx/framework/include/touchgfx/Screen.hpp:144:18:virtual void touchgfx::Screen::handleTickEvent()	0	static
../../Middlewares/ST/touchgfx/framework/include/touchgfx/Screen.hpp:154:18:virtual void touchgfx::Screen::handleKeyEvent(uint8_t)	0	static
C:/Users/nejcv/Desktop/Nejc/Fakulteta/VS_SRC/VS_games/TouchGFX/gui/src/screen_locked_screen/screen_lockedView.cpp:13:6:virtual void screen_lockedView::tearDownScreen()	0	static
C:/Users/nejcv/Desktop/Nejc/Fakulteta/VS_SRC/VS_games/TouchGFX/gui/src/screen_locked_screen/screen_lockedView.cpp:18:6:virtual void screen_lockedView::authTransition()	8	static
../../TouchGFX/gui/include/gui/screen_locked_screen/screen_lockedView.hpp:11:13:screen_lockedView::~screen_lockedView()	8	static
../../TouchGFX/gui/include/gui/screen_locked_screen/screen_lockedView.hpp:11:13:virtual screen_lockedView::~screen_lockedView()	8	static
C:/Users/nejcv/Desktop/Nejc/Fakulteta/VS_SRC/VS_games/TouchGFX/gui/src/screen_locked_screen/screen_lockedView.cpp:3:1:screen_lockedView::screen_lockedView()	8	static
C:/Users/nejcv/Desktop/Nejc/Fakulteta/VS_SRC/VS_games/TouchGFX/gui/src/screen_locked_screen/screen_lockedView.cpp:8:6:virtual void screen_lockedView::setupScreen()	0	static
