../../TouchGFX/gui/include/gui/model/ModelListener.hpp:18:18:virtual void ModelListener::move_ship()	0	static
../../TouchGFX/gui/include/gui/model/ModelListener.hpp:19:18:virtual void ModelListener::move_bullets()	0	static
../../TouchGFX/gui/include/gui/model/ModelListener.hpp:20:18:virtual void ModelListener::move_rocks()	0	static
../../TouchGFX/gui/include/gui/model/ModelListener.hpp:22:18:virtual bool ModelListener::is_asteroids_game_started()	0	static
../../TouchGFX/gui/include/gui/model/ModelListener.hpp:24:18:virtual void ModelListener::check_ship_collisions()	0	static
../../TouchGFX/gui/include/gui/model/ModelListener.hpp:25:18:virtual void ModelListener::check_bullet_collisions()	0	static
../../TouchGFX/gui/include/gui/model/ModelListener.hpp:27:18:virtual void ModelListener::set_allowed_to_shoot(bool)	0	static
../../TouchGFX/gui/include/gui/model/ModelListener.hpp:29:18:virtual void ModelListener::set_invincible(bool)	0	static
../../TouchGFX/gui/include/gui/model/ModelListener.hpp:31:18:virtual void ModelListener::update_scoreboard()	0	static
../../TouchGFX/gui/include/gui/screen_authorized_screen/screen_authorizedPresenter.hpp:28:13:screen_authorizedPresenter::~screen_authorizedPresenter()	0	static
C:/TouchGFXProjects/VS_games/TouchGFX/gui/src/screen_authorized_screen/screen_authorizedPresenter.cpp:17:6:virtual void screen_authorizedPresenter::deactivate()	0	static
../../TouchGFX/gui/include/gui/screen_authorized_screen/screen_authorizedPresenter.hpp:28:13:virtual screen_authorizedPresenter::~screen_authorizedPresenter()	8	static
C:/TouchGFXProjects/VS_games/TouchGFX/gui/src/screen_authorized_screen/screen_authorizedPresenter.cpp:10:6:virtual void screen_authorizedPresenter::activate()	24	static
../../TouchGFX/gui/include/gui/screen_authorized_screen/screen_authorizedPresenter.hpp:28:13:virtual void* screen_authorizedPresenter::_ZThn4_N26screen_authorizedPresenterD1Ev()	0	static
../../TouchGFX/gui/include/gui/screen_authorized_screen/screen_authorizedPresenter.hpp:28:13:virtual void* screen_authorizedPresenter::_ZThn4_N26screen_authorizedPresenterD0Ev()	16	static
C:/TouchGFXProjects/VS_games/TouchGFX/gui/src/screen_authorized_screen/screen_authorizedPresenter.cpp:4:1:screen_authorizedPresenter::screen_authorizedPresenter(screen_authorizedView&)	4	static
