../../Middlewares/ST/touchgfx/framework/include/touchgfx/Drawable.hpp:315:18:virtual void touchgfx::Drawable::setX(int16_t)	0	static
../../Middlewares/ST/touchgfx/framework/include/touchgfx/Drawable.hpp:327:18:virtual void touchgfx::Drawable::setY(int16_t)	0	static
../../Middlewares/ST/touchgfx/framework/include/touchgfx/Screen.hpp:144:18:virtual void touchgfx::Screen::handleTickEvent()	0	static
../../Middlewares/ST/touchgfx/framework/include/touchgfx/Screen.hpp:154:18:virtual void touchgfx::Screen::handleKeyEvent(uint8_t)	0	static
C:/TouchGFXProjects/VS_games/TouchGFX/gui/src/screen_asteroids_screen/screen_asteroidsView.cpp:30:6:virtual void screen_asteroidsView::tearDownScreen()	0	static
C:/TouchGFXProjects/VS_games/TouchGFX/gui/src/screen_asteroids_screen/screen_asteroidsView.cpp:35:6:virtual void screen_asteroidsView::resume_asteroids_task()	0	static
C:/TouchGFXProjects/VS_games/TouchGFX/gui/src/screen_asteroids_screen/screen_asteroidsView.cpp:40:6:virtual void screen_asteroidsView::suspend_asteroids_task()	0	static
C:/TouchGFXProjects/VS_games/TouchGFX/gui/src/screen_asteroids_screen/screen_asteroidsView.cpp:45:6:virtual void screen_asteroidsView::start_asteroids_game()	0	static
C:/TouchGFXProjects/VS_games/TouchGFX/gui/src/screen_asteroids_screen/screen_asteroidsView.cpp:50:6:virtual void screen_asteroidsView::show_endgame_screen()	8	static
C:/TouchGFXProjects/VS_games/TouchGFX/gui/src/screen_asteroids_screen/screen_asteroidsView.cpp:60:6:virtual void screen_asteroidsView::hide_endgame_screen()	8	static
C:/TouchGFXProjects/VS_games/TouchGFX/gui/src/screen_asteroids_screen/screen_asteroidsView.cpp:112:6:virtual void screen_asteroidsView::getShipPosition(int*, int*)	4	static
C:/TouchGFXProjects/VS_games/TouchGFX/gui/src/screen_asteroids_screen/screen_asteroidsView.cpp:118:11:virtual touchgfx::Drawable* screen_asteroidsView::get_ship_pointer()	0	static
C:/TouchGFXProjects/VS_games/TouchGFX/gui/src/screen_asteroids_screen/screen_asteroidsView.cpp:141:6:virtual void screen_asteroidsView::move_ship(int, int)	0	static
C:/TouchGFXProjects/VS_games/TouchGFX/gui/src/screen_asteroids_screen/screen_asteroidsView.cpp:176:6:virtual bool screen_asteroidsView::bullet_button_pressed()	0	static
C:/TouchGFXProjects/VS_games/TouchGFX/gui/src/screen_asteroids_screen/screen_asteroidsView.cpp:181:6:virtual void screen_asteroidsView::hide_element(touchgfx::Drawable*)	0	static
C:/TouchGFXProjects/VS_games/TouchGFX/gui/src/screen_asteroids_screen/screen_asteroidsView.cpp:96:6:virtual void screen_asteroidsView::update_score(unsigned int)	8	static
../../TouchGFX/gui/include/gui/screen_asteroids_screen/screen_asteroidsView.hpp:24:13:screen_asteroidsView::~screen_asteroidsView()	16	static
C:/TouchGFXProjects/VS_games/TouchGFX/gui/src/screen_asteroids_screen/screen_asteroidsView.cpp:123:15:virtual ShipDirection screen_asteroidsView::get_ship_direction()	0	static
C:/TouchGFXProjects/VS_games/TouchGFX/gui/src/screen_asteroids_screen/screen_asteroidsView.cpp:148:6:virtual void screen_asteroidsView::move_rock(touchgfx::ScalableImage*, int, int)	16	static
C:/TouchGFXProjects/VS_games/TouchGFX/gui/src/screen_asteroids_screen/screen_asteroidsView.cpp:155:6:virtual void screen_asteroidsView::move_bullet(touchgfx::Box*, int, int)	16	static
C:/TouchGFXProjects/VS_games/TouchGFX/gui/src/screen_asteroids_screen/screen_asteroidsView.cpp:68:6:virtual void screen_asteroidsView::update_hearts(char)	8	static
../../TouchGFX/gui/include/gui/screen_asteroids_screen/screen_asteroidsView.hpp:24:13:virtual screen_asteroidsView::~screen_asteroidsView()	16	static
C:/TouchGFXProjects/VS_games/TouchGFX/gui/src/screen_asteroids_screen/screen_asteroidsView.cpp:169:6:virtual void screen_asteroidsView::move_bullet_offscreen(touchgfx::Box*)	16	static
C:/TouchGFXProjects/VS_games/TouchGFX/gui/src/screen_asteroids_screen/screen_asteroidsView.cpp:102:6:virtual void screen_asteroidsView::new_rock_position(touchgfx::ScalableImage*)	24	static
C:/TouchGFXProjects/VS_games/TouchGFX/gui/src/screen_asteroids_screen/screen_asteroidsView.cpp:3:1:screen_asteroidsView::screen_asteroidsView()	32	static
C:/TouchGFXProjects/VS_games/TouchGFX/gui/src/screen_asteroids_screen/screen_asteroidsView.cpp:162:6:void screen_asteroidsView::move_rock_offscreen(touchgfx::ScalableImage*)	16	static
C:/TouchGFXProjects/VS_games/TouchGFX/gui/src/screen_asteroids_screen/screen_asteroidsView.cpp:8:6:virtual void screen_asteroidsView::setupScreen()	56	static
