../../Middlewares/ST/touchgfx/framework/include/touchgfx/Screen.hpp:104:18:virtual void touchgfx::Screen::afterTransition()	0	static
../../Middlewares/ST/touchgfx/framework/include/touchgfx/Screen.hpp:144:18:virtual void touchgfx::Screen::handleTickEvent()	0	static
../../Middlewares/ST/touchgfx/framework/include/touchgfx/Screen.hpp:154:18:virtual void touchgfx::Screen::handleKeyEvent(uint8_t)	0	static
C:/Users/nejcv/Desktop/Nejc/Fakulteta/VS_SRC/VS_games/TouchGFX/gui/src/screen_scoreboard_screen/screen_scoreboardView.cpp:13:6:virtual void screen_scoreboardView::tearDownScreen()	0	static
../../TouchGFX/gui/include/gui/screen_scoreboard_screen/screen_scoreboardView.hpp:13:13:screen_scoreboardView::~screen_scoreboardView()	8	static
../../TouchGFX/gui/include/gui/screen_scoreboard_screen/screen_scoreboardView.hpp:13:13:virtual screen_scoreboardView::~screen_scoreboardView()	8	static
C:/Users/nejcv/Desktop/Nejc/Fakulteta/VS_SRC/VS_games/TouchGFX/gui/src/screen_scoreboard_screen/screen_scoreboardView.cpp:3:1:screen_scoreboardView::screen_scoreboardView()	8	static
C:/Users/nejcv/Desktop/Nejc/Fakulteta/VS_SRC/VS_games/TouchGFX/gui/src/screen_scoreboard_screen/screen_scoreboardView.cpp:8:6:virtual void screen_scoreboardView::setupScreen()	0	static
C:/Users/nejcv/Desktop/Nejc/Fakulteta/VS_SRC/VS_games/TouchGFX/gui/src/screen_scoreboard_screen/screen_scoreboardView.cpp:18:6:virtual void screen_scoreboardView::update_scoreboard(score_entry*)	56	static
